---
source: crates/pixtuoid-core/tests/sources/conformance.rs
expression: events
---
- SessionStart:
    agent_id: 16541491197388335030
    source: hermes
    session_id: 20260814_160213_3e22b6
    cwd: /private/tmp/pixtuoid-capture/proj
    parent_id: ~
- Identity:
    agent_id: 16541491197388335030
    source: hermes
    session_id: 20260814_160213_3e22b6
    cwd: /private/tmp/pixtuoid-capture/proj
- ActivityStart:
    agent_id: 16541491197388335030
    tool_use_id: ~
    detail:
      Generic:
        display: "read_file: NOTE.txt"
- Identity:
    agent_id: 16541491197388335030
    source: hermes
    session_id: 20260814_160213_3e22b6
    cwd: /private/tmp/pixtuoid-capture/proj
- ActivityEnd:
    agent_id: 16541491197388335030
    tool_use_id: ~
- Identity:
    agent_id: 16541491197388335030
    source: hermes
    session_id: 20260814_160213_3e22b6
    cwd: /private/tmp/pixtuoid-capture/proj
- ActivityStart:
    agent_id: 16541491197388335030
    tool_use_id: ~
    detail:
      Generic:
        display: "search_files: ."
- Identity:
    agent_id: 16541491197388335030
    source: hermes
    session_id: 20260814_160213_3e22b6
    cwd: /private/tmp/pixtuoid-capture/proj
- ActivityEnd:
    agent_id: 16541491197388335030
    tool_use_id: ~
- Identity:
    agent_id: 16541491197388335030
    source: hermes
    session_id: 20260814_160213_3e22b6
    cwd: /private/tmp/pixtuoid-capture/proj
- ActivityStart:
    agent_id: 16541491197388335030
    tool_use_id: ~
    detail:
      Generic:
        display: "read_file: NOTE.txt"
- Identity:
    agent_id: 16541491197388335030
    source: hermes
    session_id: 20260814_160213_3e22b6
    cwd: /private/tmp/pixtuoid-capture/proj
- ActivityEnd:
    agent_id: 16541491197388335030
    tool_use_id: ~
- SessionEnd:
    agent_id: 16541491197388335030
    as_child: false
