---
source: crates/pixtuoid-core/tests/sources/conformance.rs
expression: events
---
- SessionStart:
    agent_id: 4324595985250122601
    source: kimi
    session_id: session_b31f6567-ffd0-47f4-8499-cf3c67367d9d
    cwd: /private/tmp/pixtuoid-capture/proj
    parent_id: ~
- ModelInfo:
    agent_id: 4324595985250122601
    model: openrouter/openrouter/auto
    effort: ~
- Identity:
    agent_id: 4324595985250122601
    source: kimi
    session_id: session_b31f6567-ffd0-47f4-8499-cf3c67367d9d
    cwd: /private/tmp/pixtuoid-capture/proj
- ActivityStart:
    agent_id: 4324595985250122601
    tool_use_id: chatcmpl-tool-9677f116f691d14b
    detail:
      Generic:
        display: Read
- Identity:
    agent_id: 4324595985250122601
    source: kimi
    session_id: session_b31f6567-ffd0-47f4-8499-cf3c67367d9d
    cwd: /private/tmp/pixtuoid-capture/proj
- ActivityEnd:
    agent_id: 4324595985250122601
    tool_use_id: chatcmpl-tool-9677f116f691d14b
- Identity:
    agent_id: 4324595985250122601
    source: kimi
    session_id: session_b31f6567-ffd0-47f4-8499-cf3c67367d9d
    cwd: /private/tmp/pixtuoid-capture/proj
- ActivityStart:
    agent_id: 4324595985250122601
    tool_use_id: chatcmpl-tool-aedba5dad32ed604
    detail:
      Generic:
        display: "Bash: ls -la /private/tmp/pixtuoid-capture/pro…"
- Identity:
    agent_id: 4324595985250122601
    source: kimi
    session_id: session_b31f6567-ffd0-47f4-8499-cf3c67367d9d
    cwd: /private/tmp/pixtuoid-capture/proj
- ActivityEnd:
    agent_id: 4324595985250122601
    tool_use_id: chatcmpl-tool-aedba5dad32ed604
- Identity:
    agent_id: 4324595985250122601
    source: kimi
    session_id: session_b31f6567-ffd0-47f4-8499-cf3c67367d9d
    cwd: /private/tmp/pixtuoid-capture/proj
- ActivityStart:
    agent_id: 4324595985250122601
    tool_use_id: chatcmpl-tool-a6623153260806e8
    detail:
      Generic:
        display: Read
- Identity:
    agent_id: 4324595985250122601
    source: kimi
    session_id: session_b31f6567-ffd0-47f4-8499-cf3c67367d9d
    cwd: /private/tmp/pixtuoid-capture/proj
- ActivityEnd:
    agent_id: 4324595985250122601
    tool_use_id: chatcmpl-tool-a6623153260806e8
- ActivityEnd:
    agent_id: 4324595985250122601
    tool_use_id: ~
