---
source: crates/pixtuoid-core/tests/sources/conformance.rs
expression: events
---
- ActivityStart:
    agent_id: 11195569422463297373
    tool_use_id: ag-2-0
    detail:
      Generic:
        display: "list_dir: /Users/dev/.gemini/antigravity-cli"
- ActivityEnd:
    agent_id: 11195569422463297373
    tool_use_id: ag-3-0
- ActivityStart:
    agent_id: 11195569422463297373
    tool_use_id: ag-5-0
    detail:
      Generic:
        display: "list_dir: /Users/dev/.gemini/antigravity-cli/scrat…"
- ActivityEnd:
    agent_id: 11195569422463297373
    tool_use_id: ag-5-0
- ActivityStart:
    agent_id: 11195569422463297373
    tool_use_id: ag-7-0
    detail:
      Generic:
        display: "list_dir: /Users/dev/.gemini/antigravity-cli/brain…"
- ActivityEnd:
    agent_id: 11195569422463297373
    tool_use_id: ag-7-0
- ActivityEnd:
    agent_id: 11195569422463297373
    tool_use_id: ag-9-0
- ActivityStart:
    agent_id: 11195569422463297373
    tool_use_id: ag-9-0
    detail:
      Generic:
        display: "list_dir: /Users/dev/.gemini/antigravity-cli/brain…"
- ActivityStart:
    agent_id: 11195569422463297373
    tool_use_id: ag-11-0
    detail:
      Generic:
        display: "run_command: pwd && ls -la"
