---
source: crates/pixtuoid-core/tests/sources/conformance.rs
expression: events
---
- SessionStart:
    agent_id: 17329733625647624444
    source: cursor
    session_id: 56cdc99c-021b-43e9-a61d-477a29d62363
    cwd: /private/tmp/pixtuoid-capture/proj
    parent_id: ~
- Identity:
    agent_id: 17329733625647624444
    source: cursor
    session_id: 56cdc99c-021b-43e9-a61d-477a29d62363
    cwd: /private/tmp/pixtuoid-capture/proj
- ActivityStart:
    agent_id: 17329733625647624444
    tool_use_id: ~
    detail:
      Generic:
        display: "Read: /private/tmp/pixtuoid-capture/proj/MISSI…"
- Identity:
    agent_id: 17329733625647624444
    source: cursor
    session_id: 56cdc99c-021b-43e9-a61d-477a29d62363
    cwd: /private/tmp/pixtuoid-capture/proj
- ActivityStart:
    agent_id: 17329733625647624444
    tool_use_id: ~
    detail:
      Generic:
        display: "Grep: /private/tmp/pixtuoid-capture/proj"
- Identity:
    agent_id: 17329733625647624444
    source: cursor
    session_id: 56cdc99c-021b-43e9-a61d-477a29d62363
    cwd: /private/tmp/pixtuoid-capture/proj
- ActivityEnd:
    agent_id: 17329733625647624444
    tool_use_id: ~
- Identity:
    agent_id: 17329733625647624444
    source: cursor
    session_id: 56cdc99c-021b-43e9-a61d-477a29d62363
    cwd: /private/tmp/pixtuoid-capture/proj
- ActivityEnd:
    agent_id: 17329733625647624444
    tool_use_id: ~
- Identity:
    agent_id: 17329733625647624444
    source: cursor
    session_id: 56cdc99c-021b-43e9-a61d-477a29d62363
    cwd: /private/tmp/pixtuoid-capture/proj
- ActivityStart:
    agent_id: 17329733625647624444
    tool_use_id: ~
    detail:
      Generic:
        display: "Grep: /private/tmp/pixtuoid-capture/proj"
- Identity:
    agent_id: 17329733625647624444
    source: cursor
    session_id: 56cdc99c-021b-43e9-a61d-477a29d62363
    cwd: /private/tmp/pixtuoid-capture/proj
- ActivityEnd:
    agent_id: 17329733625647624444
    tool_use_id: ~
- SessionEnd:
    agent_id: 17329733625647624444
    as_child: false
