---
source: crates/pixtuoid-core/tests/sources/conformance.rs
expression: events
---
- SessionStart:
    agent_id: 17405793843075578558
    source: codewhale
    session_id: /private/tmp/pixtuoid-capture/proj
    cwd: /private/tmp/pixtuoid-capture/proj
    parent_id: ~
- SessionStart:
    agent_id: 17405793843075578558
    source: codewhale
    session_id: /private/tmp/pixtuoid-capture/proj
    cwd: /private/tmp/pixtuoid-capture/proj
    parent_id: ~
- Identity:
    agent_id: 17405793843075578558
    source: codewhale
    session_id: /private/tmp/pixtuoid-capture/proj
    cwd: /private/tmp/pixtuoid-capture/proj
- ActivityStart:
    agent_id: 17405793843075578558
    tool_use_id: ~
    detail:
      Generic:
        display: "read: NOTE.txt"
- Identity:
    agent_id: 17405793843075578558
    source: codewhale
    session_id: /private/tmp/pixtuoid-capture/proj
    cwd: /private/tmp/pixtuoid-capture/proj
- ActivityStart:
    agent_id: 17405793843075578558
    tool_use_id: ~
    detail:
      Generic:
        display: "bash: ls -la"
- Identity:
    agent_id: 17405793843075578558
    source: codewhale
    session_id: /private/tmp/pixtuoid-capture/proj
    cwd: /private/tmp/pixtuoid-capture/proj
- ActivityEnd:
    agent_id: 17405793843075578558
    tool_use_id: ~
- Identity:
    agent_id: 17405793843075578558
    source: codewhale
    session_id: /private/tmp/pixtuoid-capture/proj
    cwd: /private/tmp/pixtuoid-capture/proj
- ActivityEnd:
    agent_id: 17405793843075578558
    tool_use_id: ~
- Identity:
    agent_id: 17405793843075578558
    source: codewhale
    session_id: /private/tmp/pixtuoid-capture/proj
    cwd: /private/tmp/pixtuoid-capture/proj
- ActivityStart:
    agent_id: 17405793843075578558
    tool_use_id: ~
    detail:
      Generic:
        display: "read: NOTE.txt"
- Identity:
    agent_id: 17405793843075578558
    source: codewhale
    session_id: /private/tmp/pixtuoid-capture/proj
    cwd: /private/tmp/pixtuoid-capture/proj
- ActivityEnd:
    agent_id: 17405793843075578558
    tool_use_id: ~
- SessionStart:
    agent_id: 17405793843075578558
    source: codewhale
    session_id: /private/tmp/pixtuoid-capture/proj
    cwd: /private/tmp/pixtuoid-capture/proj
    parent_id: ~
- SessionEnd:
    agent_id: 17405793843075578558
    as_child: false
