---
source: crates/pixtuoid-core/tests/sources/conformance.rs
assertion_line: 347
expression: events
---
- SessionStart:
    agent_id: 17086506634336011998
    source: opencode
    session_id: ses_f7341576cffeJ0yWdViHzpPBWl
    cwd: /Users/dev/Desktop/pixtuoid.nosync/.claude/worktrees/fixtures-latest
    parent_id: ~
- Identity:
    agent_id: 17086506634336011998
    source: opencode
    session_id: ses_f7341576cffeJ0yWdViHzpPBWl
    cwd: ~
- ActivityStart:
    agent_id: 17086506634336011998
    tool_use_id: call_00_z5M3zgJ03hTqEpF6sAh19262
    detail:
      Generic:
        display: "read: /Users/dev/Desktop/pixtuoid.nosync/.clau…"
- Identity:
    agent_id: 17086506634336011998
    source: opencode
    session_id: ses_f7341576cffeJ0yWdViHzpPBWl
    cwd: ~
- ActivityEnd:
    agent_id: 17086506634336011998
    tool_use_id: call_00_z5M3zgJ03hTqEpF6sAh19262
- Identity:
    agent_id: 17086506634336011998
    source: opencode
    session_id: ses_f7341576cffeJ0yWdViHzpPBWl
    cwd: ~
- ActivityStart:
    agent_id: 17086506634336011998
    tool_use_id: call_00_ySdT6UskAsUaZUGjs7Yo8187
    detail:
      Generic:
        display: "bash: ls -la"
- Identity:
    agent_id: 17086506634336011998
    source: opencode
    session_id: ses_f7341576cffeJ0yWdViHzpPBWl
    cwd: ~
- ActivityEnd:
    agent_id: 17086506634336011998
    tool_use_id: call_00_ySdT6UskAsUaZUGjs7Yo8187
- Identity:
    agent_id: 17086506634336011998
    source: opencode
    session_id: ses_f7341576cffeJ0yWdViHzpPBWl
    cwd: ~
- ActivityStart:
    agent_id: 17086506634336011998
    tool_use_id: call_00_7spWRAdTdbSHeQxOnicB4110
    detail:
      Generic:
        display: "read: /Users/dev/Desktop/pixtuoid.nosync/.clau…"
- Identity:
    agent_id: 17086506634336011998
    source: opencode
    session_id: ses_f7341576cffeJ0yWdViHzpPBWl
    cwd: ~
- ActivityEnd:
    agent_id: 17086506634336011998
    tool_use_id: call_00_7spWRAdTdbSHeQxOnicB4110
