---
source: crates/pixtuoid-core/tests/sources/conformance.rs
expression: events
---
- SessionStart:
    agent_id: 90497737505043005
    source: reasonix
    session_id: 20260815-124324.276629000-deepseek-v4-flash
    cwd: /tmp/pixtuoid-capture/proj
    parent_id: ~
- SessionStart:
    agent_id: 90497737505043005
    source: reasonix
    session_id: 20260815-124324.276629000-deepseek-v4-flash
    cwd: /tmp/pixtuoid-capture/proj
    parent_id: ~
- Identity:
    agent_id: 90497737505043005
    source: reasonix
    session_id: 20260815-124324.276629000-deepseek-v4-flash
    cwd: /tmp/pixtuoid-capture/proj
- Waiting:
    agent_id: 90497737505043005
    reason: "approval: write_file /tmp/pixtuoid-capture/proj/OUT.txt"
- Identity:
    agent_id: 90497737505043005
    source: reasonix
    session_id: 20260815-124324.276629000-deepseek-v4-flash
    cwd: /tmp/pixtuoid-capture/proj
- Waiting:
    agent_id: 90497737505043005
    reason: "approval needed: write_file /tmp/pixtuoid-capture/proj/OUT.txt"
- Identity:
    agent_id: 90497737505043005
    source: reasonix
    session_id: 20260815-124324.276629000-deepseek-v4-flash
    cwd: /tmp/pixtuoid-capture/proj
- ActivityStart:
    agent_id: 90497737505043005
    tool_use_id: ~
    detail:
      Generic:
        display: "write_file: /tmp/pixtuoid-capture/proj/OUT.txt"
- Identity:
    agent_id: 90497737505043005
    source: reasonix
    session_id: 20260815-124324.276629000-deepseek-v4-flash
    cwd: /tmp/pixtuoid-capture/proj
- ActivityEnd:
    agent_id: 90497737505043005
    tool_use_id: ~
- Identity:
    agent_id: 90497737505043005
    source: reasonix
    session_id: 20260815-124324.276629000-deepseek-v4-flash
    cwd: /tmp/pixtuoid-capture/proj
- ActivityStart:
    agent_id: 90497737505043005
    tool_use_id: ~
    detail:
      Generic:
        display: "read_file: /tmp/pixtuoid-capture/proj/OUT.txt"
- Identity:
    agent_id: 90497737505043005
    source: reasonix
    session_id: 20260815-124324.276629000-deepseek-v4-flash
    cwd: /tmp/pixtuoid-capture/proj
- ActivityEnd:
    agent_id: 90497737505043005
    tool_use_id: ~
- ActivityEnd:
    agent_id: 90497737505043005
    tool_use_id: ~
- SessionEnd:
    agent_id: 90497737505043005
    as_child: false
