---
source: crates/pixtuoid/tests/layout_golden.rs
expression: l.home_desks
---
[
    Point {
        x: 62,
        y: 63,
    },
    Point {
        x: 82,
        y: 63,
    },
    Point {
        x: 62,
        y: 78,
    },
    Point {
        x: 82,
        y: 78,
    },
    Point {
        x: 108,
        y: 63,
    },
    Point {
        x: 128,
        y: 63,
    },
    Point {
        x: 108,
        y: 78,
    },
    Point {
        x: 128,
        y: 78,
    },
]
